// Jest Snapshot v1, https://goo.gl/fbAQLP

exports[`Registry should correctly serve rendered and unrendered components 1`] = `"{\\"href\\":\\"http://localhost:3000/\\",\\"ocVersion\\":\\"0.41.12\\",\\"type\\":\\"oc-registry-local\\",\\"components\\":[\\"http://localhost:3000/react-app\\",\\"http://localhost:3000/oc-client\\"]}"`;
