exports[`compile method when invoking the webPackConfiguration with a viewPath should correctly return a webpack configuration 1`] = `
Object {
  "entry": "path/to/app.js",
  "externals": Object {
    "react": "React",
    "react-dom": "ReactDOM",
  },
  "module": Object {
    "rules": Array [
      Object {
        "exclude": /node_modules/,
        "test": /\\.jsx?$/,
        "use": Array [
          Object {
            "loader": "babel-loader",
            "options": Object {
              "cacheDirectory": true,
              "presets": Array [],
            },
          },
        ],
      },
      Object {
        "test": /\\.css$/,
        "use": Array [
          "style-loader",
          "css-loader",
        ],
      },
    ],
  },
  "output": Object {
    "filename": "client.js",
    "path": "/build",
  },
  "plugins": Array [
    DefinePlugin {
      "definitions": Object {
        "process.env.NODE_ENV": "\"production\"",
      },
    },
    BabiliPlugin {
      "babiliOpts": Object {},
      "options": Object {},
    },
  ],
  "resolveLoader": Object {
    "modules": Array [],
  },
}
`;
